14:54:50 **** Build of configuration Debug for project zedboard_first ****
make pre-build main-build 
a9-linaro-pre-build-step
 
Building file: ../src/freertos_tcp_perf_server.c
Invoking: ARM v7 gcc compiler
arm-none-eabi-gcc -Wall -O0 -g3 -c -fmessage-length=0 -MT"src/freertos_tcp_perf_server.o" -mcpu=cortex-a9 -mfpu=vfpv3 -mfloat-abi=hard -I../../zedboard_first_bsp/ps7_cortexa9_0/include -MMD -MP -MF"src/freertos_tcp_perf_server.d" -MT"src/freertos_tcp_perf_server.o" -o "src/freertos_tcp_perf_server.o" "../src/freertos_tcp_perf_server.c"
Finished building: ../src/freertos_tcp_perf_server.c
 
Building file: ../src/iic_phyreset.c
Invoking: ARM v7 gcc compiler
arm-none-eabi-gcc -Wall -O0 -g3 -c -fmessage-length=0 -MT"src/iic_phyreset.o" -mcpu=cortex-a9 -mfpu=vfpv3 -mfloat-abi=hard -I../../zedboard_first_bsp/ps7_cortexa9_0/include -MMD -MP -MF"src/iic_phyreset.d" -MT"src/iic_phyreset.o" -o "src/iic_phyreset.o" "../src/iic_phyreset.c"
Finished building: ../src/iic_phyreset.c
 
Building file: ../src/main.c
Invoking: ARM v7 gcc compiler
arm-none-eabi-gcc -Wall -O0 -g3 -c -fmessage-length=0 -MT"src/main.o" -mcpu=cortex-a9 -mfpu=vfpv3 -mfloat-abi=hard -I../../zedboard_first_bsp/ps7_cortexa9_0/include -MMD -MP -MF"src/main.d" -MT"src/main.o" -o "src/main.o" "../src/main.c"
Finished building: ../src/main.c
 
Building target: zedboard_first.elf
Invoking: ARM v7 gcc linker
arm-none-eabi-gcc -mcpu=cortex-a9 -mfpu=vfpv3 -mfloat-abi=hard -Wl,-build-id=none -specs=Xilinx.spec -Wl,-T -Wl,../src/lscript.ld -L../../zedboard_first_bsp/ps7_cortexa9_0/lib -o "zedboard_first.elf"  ./src/freertos_tcp_perf_server.o ./src/iic_phyreset.o ./src/main.o   -Wl,--start-group,-lxil,-lfreertos,-lgcc,-lc,--end-group -Wl,--start-group,-lxil,-llwip4,-lgcc,-lc,--end-group
Finished building target: zedboard_first.elf
 
Invoking: ARM v7 Print Size
arm-none-eabi-size zedboard_first.elf  |tee "zedboard_first.elf.size"
   text	   data	    bss	    dec	    hex	filename
 191344	   3420	32626976	32821740	1f4d1ec	zedboard_first.elf
Finished building: zedboard_first.elf.size
 

14:54:50 Build Finished (took 527ms)

